// Jest Snapshot v1, https://goo.gl/fbAQLP

exports[`<ToastContainer /> should render toast container 1`] = `
.c0 {
  position: fixed;
  bottom: 4.8rem;
  left: 50%;
  z-index: 2;
  transform: translateX(-50%);
}

<div
  class="c0"
/>
`;
