// Jest Snapshot v1, https://goo.gl/fbAQLP

exports[`<Main /> should render the heading 1`] = `
.c2 {
  display: flex;
  align-items: center;
}

.c4 {
  margin-left: 0.8rem;
  cursor: pointer;
  display: flex;
  align-items: center;
  justify-content: center;
  appearance: none;
  width: 6rem;
  height: 2.5rem;
  background-color: #06092b;
  border-radius: 0.4rem;
  transition: background-color 0.3s ease-in-out;
  position: relative;
  outline: none;
}

.c4:before {
  content: '';
  height: 1em;
  width: 1em;
  border-radius: 1em;
  background-color: #F6F5FC;
  position: absolute;
  left: 0.2rem;
  transition: left 0.2s linear;
}

.c3 {
  cursor: pointer;
  padding-left: 0.8rem;
  color: #222222;
  line-height: 1.8rem;
}

.c0 {
  background-color: #F6F5FC;
  width: 100%;
  height: 100%;
  padding: 1rem;
}

.c0 .c1 {
  flex-direction: row-reverse;
  margin-bottom: 1.6rem;
}

.c5 {
  height: calc(100% - 4.1rem);
  display: flex;
  flex-direction: column;
  align-items: center;
  justify-content: center;
}

.c6 {
  font-size: 2.5rem;
}

.c7 {
  font-size: 2rem;
  font-weight: 400;
}

.c8 {
  margin-top: 3rem;
  width: min(30rem, 100%);
}

<main
  class="c0"
>
  <div
    class="c1 c2"
  >
    <label
      class="c3"
      for=""
    >
      Toggle theme
    </label>
    <input
      class="c4"
      id=""
      type="checkbox"
    />
  </div>
  <main
    class="c5"
  >
    <h1
      class="c6"
    >
      Boilerplate Next JS
    </h1>
    <h2
      class="c7"
    >
      TypeScript, ReactJS, NextJS e Styled Components
    </h2>
    <img
      alt="Um desenvolvedor de frente para uma tela com cÃ³digo."
      class="c8"
      src="/img/hero-illustration.svg"
    />
  </main>
</main>
`;
